2026-08-23 16:51:17 | Diagnostic ECU started
2026-08-23 16:52:17 | FAULT: Controller ECU heartbeat timeout
2026-08-23 16:52:18 | RECOVERY: Controller ECU heartbeat restored
2026-08-23 16:52:18 | SYSTEM RECOVERY: All monitored ECUs operational
2026-08-23 16:52:58 | FAULT: Passenger Request ECU heartbeat timeout
2026-08-23 16:52:58 | RECOVERY: Passenger Request ECU heartbeat restored
2026-08-23 16:52:58 | SYSTEM RECOVERY: All monitored ECUs operational
2026-08-23 16:54:14 | FAULT: Controller ECU heartbeat timeout
2026-08-23 16:54:14 | FAULT: Motor ECU heartbeat timeout
2026-08-23 16:54:14 | FAULT: Door ECU heartbeat timeout
2026-08-23 16:54:14 | RECOVERY: Motor ECU heartbeat restored
2026-08-23 16:54:14 | RECOVERY: Door ECU heartbeat restored
2026-08-23 16:54:14 | RECOVERY: Controller ECU heartbeat restored
2026-08-23 16:54:14 | SYSTEM RECOVERY: All monitored ECUs operational
2026-08-23 17:00:31 | Diagnostic ECU stopped
2026-08-23 17:01:13 | Diagnostic ECU started
2026-08-23 17:02:49 | FAULT: Position/Sensor ECU heartbeat timeout
2026-08-23 17:03:41 | RECOVERY: Position/Sensor ECU heartbeat restored
2026-08-23 17:03:41 | SYSTEM RECOVERY: All monitored ECUs operational
2026-08-23 17:05:44 | FAULT: Invalid position status
2026-08-23 17:17:06 | Diagnostic ECU stopped
2026-08-23 17:17:09 | Diagnostic ECU started
2026-08-23 17:17:17 | FAULT: Invalid position status
2026-08-23 17:17:17 | RECOVERY: Invalid position status restored
2026-08-23 17:17:17 | SYSTEM RECOVERY: All monitored systems operational
2026-08-23 17:19:34 | FAULT: Position/Sensor ECU heartbeat timeout
2026-08-23 17:21:07 | RECOVERY: Position/Sensor ECU heartbeat restored
2026-08-23 17:21:07 | SYSTEM RECOVERY: All monitored ECUs operational
2026-08-23 17:44:42 | FAULT: Passenger Request ECU heartbeat timeout
2026-08-23 17:44:45 | FAULT: Position/Sensor ECU heartbeat timeout
2026-08-23 17:44:47 | FAULT: Controller ECU heartbeat timeout
2026-08-23 17:44:49 | FAULT: Motor ECU heartbeat timeout
2026-08-23 17:44:52 | FAULT: Door ECU heartbeat timeout
2026-08-23 17:44:53 | Diagnostic ECU stopped
